<?xml version="1.0" encoding="utf-8"?>
<TestRun id="bb35d446-0c96-41cc-a85c-c51a86767fcf" name="@joao-ThinkPad-E14 2025-10-01 13:36:46" xmlns="http://microsoft.com/schemas/VisualStudio/TeamTest/2010">
  <Times creation="2025-10-01T13:36:46.6304559-03:00" queuing="2025-10-01T13:36:46.6304560-03:00" start="2025-10-01T13:36:45.6166522-03:00" finish="2025-10-01T13:36:46.7046020-03:00" />
  <TestSettings name="default" id="af61e7c4-63c9-4579-ac3e-e834c42063dd">
    <Deployment runDeploymentRoot="_joao-ThinkPad-E14_2025-10-01_13_36_46" />
  </TestSettings>
  <Results>
    <UnitTestResult executionId="f2b19ac4-8394-4bb7-86fc-57448b72fc14" testId="b8a4a419-7409-3d6e-85f3-4de56125c491" testName="SistemaBancario.Dominio.Tests.Servicos.TransferirValorTests.Transferir_QuandoContaDestinoNula_DeveLancarArgumentNullException" computerName="joao-ThinkPad-E14" duration="00:00:00.0004563" startTime="2025-10-01T13:36:46.4772232-03:00" endTime="2025-10-01T13:36:46.4772232-03:00" testType="13cdc9d9-ddb5-4fa4-a97d-d965ccfc6d4b" outcome="Passed" testListId="8c84fa94-04c1-424b-9868-57a2d4851a1d" relativeResultsDirectory="f2b19ac4-8394-4bb7-86fc-57448b72fc14" />
    <UnitTestResult executionId="91d63ba2-9604-481e-bd19-b5433afb679c" testId="d82e901b-ace0-4866-c801-b9dd99db2efa" testName="SistemaBancario.Dominio.Tests.ObjetosValor.NumeroContaTests.Constructor_WhenValorIsValid_ShouldCreateNumeroConta" computerName="joao-ThinkPad-E14" duration="00:00:00.0144097" startTime="2025-10-01T13:36:46.4742905-03:00" endTime="2025-10-01T13:36:46.4742906-03:00" testType="13cdc9d9-ddb5-4fa4-a97d-d965ccfc6d4b" outcome="Passed" testListId="8c84fa94-04c1-424b-9868-57a2d4851a1d" relativeResultsDirectory="91d63ba2-9604-481e-bd19-b5433afb679c" />
    <UnitTestResult executionId="9a94d54d-b879-4fa7-baca-ae0f517ab950" testId="a67a5213-9d93-e07a-c45d-31da95565d7c" testName="SistemaBancario.Dominio.Tests.Servicos.TransferirValorTests.Transferir_WhenDadosValidos_DeveAtualizarSaldosEGerarTransacao" computerName="joao-ThinkPad-E14" duration="00:00:00.0054162" startTime="2025-10-01T13:36:46.5698523-03:00" endTime="2025-10-01T13:36:46.5698524-03:00" testType="13cdc9d9-ddb5-4fa4-a97d-d965ccfc6d4b" outcome="Passed" testListId="8c84fa94-04c1-424b-9868-57a2d4851a1d" relativeResultsDirectory="9a94d54d-b879-4fa7-baca-ae0f517ab950" />
    <UnitTestResult executionId="ac78dd95-5ef8-45e8-a92e-204e594100ea" testId="07348346-9961-f0e3-e4b3-f0626e83d445" testName="SistemaBancario.Dominio.Tests.ObjetosValor.NumeroContaTests.Constructor_WhenValorHasInvalidFormat_ShouldThrowArgumentException(value: &quot;12A456&quot;)" computerName="joao-ThinkPad-E14" duration="00:00:00.0000421" startTime="2025-10-01T13:36:46.5695434-03:00" endTime="2025-10-01T13:36:46.5695435-03:00" testType="13cdc9d9-ddb5-4fa4-a97d-d965ccfc6d4b" outcome="Passed" testListId="8c84fa94-04c1-424b-9868-57a2d4851a1d" relativeResultsDirectory="ac78dd95-5ef8-45e8-a92e-204e594100ea" />
    <UnitTestResult executionId="f7a62118-e089-4a87-ab82-f989dd370720" testId="3f902e2d-26ab-7723-ebd0-4358188b7c1f" testName="SistemaBancario.Dominio.Tests.Servicos.TransferirValorTests.Transferir_QuandoContaOrigemNula_DeveLancarArgumentNullException" computerName="joao-ThinkPad-E14" duration="00:00:00.0004178" startTime="2025-10-01T13:36:46.5667739-03:00" endTime="2025-10-01T13:36:46.5667739-03:00" testType="13cdc9d9-ddb5-4fa4-a97d-d965ccfc6d4b" outcome="Passed" testListId="8c84fa94-04c1-424b-9868-57a2d4851a1d" relativeResultsDirectory="f7a62118-e089-4a87-ab82-f989dd370720" />
    <UnitTestResult executionId="d8633182-24e9-4f14-957a-ba17756fbe52" testId="b405a754-0ed1-1392-7657-73ed247116a2" testName="SistemaBancario.Dominio.Tests.ObjetosValor.NumeroContaTests.ImplicitConversion_FromString_ShouldReturnNumeroConta" computerName="joao-ThinkPad-E14" duration="00:00:00.0002484" startTime="2025-10-01T13:36:46.4770940-03:00" endTime="2025-10-01T13:36:46.4770941-03:00" testType="13cdc9d9-ddb5-4fa4-a97d-d965ccfc6d4b" outcome="Passed" testListId="8c84fa94-04c1-424b-9868-57a2d4851a1d" relativeResultsDirectory="d8633182-24e9-4f14-957a-ba17756fbe52" />
    <UnitTestResult executionId="f5c41dca-3be1-41db-b6a6-7f6bf4284417" testId="89ebe5f5-875b-5f92-98c3-0a5272006c20" testName="SistemaBancario.Dominio.Tests.Servicos.TransferirValorTests.Transferir_QuandoValorNaoEhPositivo_DeveLancarArgumentException(valor: 0)" computerName="joao-ThinkPad-E14" duration="00:00:00.0144725" startTime="2025-10-01T13:36:46.4676912-03:00" endTime="2025-10-01T13:36:46.4677391-03:00" testType="13cdc9d9-ddb5-4fa4-a97d-d965ccfc6d4b" outcome="Passed" testListId="8c84fa94-04c1-424b-9868-57a2d4851a1d" relativeResultsDirectory="f5c41dca-3be1-41db-b6a6-7f6bf4284417" />
    <UnitTestResult executionId="6ccb6522-f58a-4109-9c95-b0038e175519" testId="a8561852-d9d7-6ba6-0e1b-2cd58a0d958e" testName="SistemaBancario.Dominio.Tests.Servicos.TransferirValorTests.Transferir_QuandoValorNaoEhPositivo_DeveLancarArgumentException(valor: -15)" computerName="joao-ThinkPad-E14" duration="00:00:00.0004326" startTime="2025-10-01T13:36:46.4771283-03:00" endTime="2025-10-01T13:36:46.4771284-03:00" testType="13cdc9d9-ddb5-4fa4-a97d-d965ccfc6d4b" outcome="Passed" testListId="8c84fa94-04c1-424b-9868-57a2d4851a1d" relativeResultsDirectory="6ccb6522-f58a-4109-9c95-b0038e175519" />
    <UnitTestResult executionId="7cde64e7-a559-4dd9-9797-49da8a44f3f9" testId="59c63469-5bb1-9063-3eb5-9215e1e42530" testName="SistemaBancario.Dominio.Tests.Entidades.ContaTests.Depositar_WhenValorIsNotPositive_ShouldThrowArgumentException(valor: -10)" computerName="joao-ThinkPad-E14" duration="00:00:00.0008846" startTime="2025-10-01T13:36:46.5697193-03:00" endTime="2025-10-01T13:36:46.5697194-03:00" testType="13cdc9d9-ddb5-4fa4-a97d-d965ccfc6d4b" outcome="Passed" testListId="8c84fa94-04c1-424b-9868-57a2d4851a1d" relativeResultsDirectory="7cde64e7-a559-4dd9-9797-49da8a44f3f9" />
    <UnitTestResult executionId="919382d6-f470-4ca6-a09a-769dfa7f2b5e" testId="bfe803dc-28f4-aa3c-4f38-a0d78b6100bb" testName="SistemaBancario.Dominio.Tests.Entidades.ContaTests.Sacar_WhenValorIsNotPositive_ShouldThrowArgumentException(valor: -10)" computerName="joao-ThinkPad-E14" duration="00:00:00.0003431" startTime="2025-10-01T13:36:46.5703067-03:00" endTime="2025-10-01T13:36:46.5703068-03:00" testType="13cdc9d9-ddb5-4fa4-a97d-d965ccfc6d4b" outcome="Passed" testListId="8c84fa94-04c1-424b-9868-57a2d4851a1d" relativeResultsDirectory="919382d6-f470-4ca6-a09a-769dfa7f2b5e" />
    <UnitTestResult executionId="8671654e-42ac-4b48-8e9c-1b3030bd7361" testId="600dfb12-4833-b7bc-7db8-72ece59a2dfd" testName="SistemaBancario.Dominio.Tests.ObjetosValor.NumeroContaTests.Constructor_WhenValorIsNullOrWhitespace_ShouldThrowArgumentException(value: &quot;   &quot;)" computerName="joao-ThinkPad-E14" duration="00:00:00.0003493" startTime="2025-10-01T13:36:46.5659479-03:00" endTime="2025-10-01T13:36:46.5659480-03:00" testType="13cdc9d9-ddb5-4fa4-a97d-d965ccfc6d4b" outcome="Passed" testListId="8c84fa94-04c1-424b-9868-57a2d4851a1d" relativeResultsDirectory="8671654e-42ac-4b48-8e9c-1b3030bd7361" />
    <UnitTestResult executionId="36ea6164-0acf-4bde-8880-6b037e71983e" testId="db501703-3a2b-22b7-d246-d5a81aef5cc1" testName="SistemaBancario.Dominio.Tests.ObjetosValor.NumeroContaTests.Constructor_WhenValorIsNullOrWhitespace_ShouldThrowArgumentException(value: null)" computerName="joao-ThinkPad-E14" duration="00:00:00.0000358" startTime="2025-10-01T13:36:46.5664662-03:00" endTime="2025-10-01T13:36:46.5664662-03:00" testType="13cdc9d9-ddb5-4fa4-a97d-d965ccfc6d4b" outcome="Passed" testListId="8c84fa94-04c1-424b-9868-57a2d4851a1d" relativeResultsDirectory="36ea6164-0acf-4bde-8880-6b037e71983e" />
    <UnitTestResult executionId="9b5223b2-3dc1-495d-aa05-7c71082fd5e2" testId="9b1a356a-2fdf-c399-ad8a-3c20f3e192c2" testName="SistemaBancario.Dominio.Tests.Entidades.ContaTests.Depositar_WhenValorIsPositive_ShouldIncreaseSaldo" computerName="joao-ThinkPad-E14" duration="00:00:00.0004719" startTime="2025-10-01T13:36:46.5700710-03:00" endTime="2025-10-01T13:36:46.5700710-03:00" testType="13cdc9d9-ddb5-4fa4-a97d-d965ccfc6d4b" outcome="Passed" testListId="8c84fa94-04c1-424b-9868-57a2d4851a1d" relativeResultsDirectory="9b5223b2-3dc1-495d-aa05-7c71082fd5e2" />
    <UnitTestResult executionId="6e0477e9-eff2-4345-ac46-1f03e4ad9011" testId="8cb5d089-6f47-e797-21c4-3fa75909ed95" testName="SistemaBancario.Dominio.Tests.ObjetosValor.NumeroContaTests.Constructor_WhenValorHasInvalidFormat_ShouldThrowArgumentException(value: &quot;1234567&quot;)" computerName="joao-ThinkPad-E14" duration="00:00:00.0002815" startTime="2025-10-01T13:36:46.5668631-03:00" endTime="2025-10-01T13:36:46.5668632-03:00" testType="13cdc9d9-ddb5-4fa4-a97d-d965ccfc6d4b" outcome="Passed" testListId="8c84fa94-04c1-424b-9868-57a2d4851a1d" relativeResultsDirectory="6e0477e9-eff2-4345-ac46-1f03e4ad9011" />
    <UnitTestResult executionId="90f98994-9ad2-476e-9859-057a58538a41" testId="08dd08d1-54e5-744e-d8b0-ec26a60404b2" testName="SistemaBancario.Dominio.Tests.Servicos.TransferirValorTests.Transferir_QuandoSaldoInsuficiente_DevePropagarInvalidOperationException" computerName="joao-ThinkPad-E14" duration="00:00:00.0004650" startTime="2025-10-01T13:36:46.5665630-03:00" endTime="2025-10-01T13:36:46.5665630-03:00" testType="13cdc9d9-ddb5-4fa4-a97d-d965ccfc6d4b" outcome="Passed" testListId="8c84fa94-04c1-424b-9868-57a2d4851a1d" relativeResultsDirectory="90f98994-9ad2-476e-9859-057a58538a41" />
    <UnitTestResult executionId="902b2dc5-62ab-460d-a508-88bb6b30f476" testId="4cbe4735-286e-e2cb-6934-748597239cfb" testName="SistemaBancario.Dominio.Tests.Entidades.ContaTests.Sacar_WhenValorIsPositiveAndSaldoSuficiente_ShouldDecreaseSaldo" computerName="joao-ThinkPad-E14" duration="00:00:00.0002011" startTime="2025-10-01T13:36:46.5712021-03:00" endTime="2025-10-01T13:36:46.5712023-03:00" testType="13cdc9d9-ddb5-4fa4-a97d-d965ccfc6d4b" outcome="Passed" testListId="8c84fa94-04c1-424b-9868-57a2d4851a1d" relativeResultsDirectory="902b2dc5-62ab-460d-a508-88bb6b30f476" />
    <UnitTestResult executionId="68162791-18f1-4778-aee7-5df34710785f" testId="fcba9aca-80e3-5b98-a07e-195ff3dfad9e" testName="SistemaBancario.Dominio.Tests.Entidades.TransacaoTests.Constructor_DevePreencherCamposComDadosDasContas" computerName="joao-ThinkPad-E14" duration="00:00:00.0306044" startTime="2025-10-01T13:36:46.5700171-03:00" endTime="2025-10-01T13:36:46.5700171-03:00" testType="13cdc9d9-ddb5-4fa4-a97d-d965ccfc6d4b" outcome="Passed" testListId="8c84fa94-04c1-424b-9868-57a2d4851a1d" relativeResultsDirectory="68162791-18f1-4778-aee7-5df34710785f" />
    <UnitTestResult executionId="fd395e6b-6c4c-41b8-b376-22599145609b" testId="3012e8bf-4a2a-85c6-f5d3-f56db52076c3" testName="SistemaBancario.Dominio.Tests.Entidades.ContaTests.Depositar_WhenValorIsNotPositive_ShouldThrowArgumentException(valor: 0)" computerName="joao-ThinkPad-E14" duration="00:00:00.0006518" startTime="2025-10-01T13:36:46.5699163-03:00" endTime="2025-10-01T13:36:46.5699164-03:00" testType="13cdc9d9-ddb5-4fa4-a97d-d965ccfc6d4b" outcome="Passed" testListId="8c84fa94-04c1-424b-9868-57a2d4851a1d" relativeResultsDirectory="fd395e6b-6c4c-41b8-b376-22599145609b" />
    <UnitTestResult executionId="6bae5980-0b46-4134-8509-865c1da92076" testId="10f0c2f0-4ca5-78a5-4251-a3a42cba861c" testName="SistemaBancario.Dominio.Tests.Entidades.ContaTests.Sacar_WhenValorIsNotPositive_ShouldThrowArgumentException(valor: 0)" computerName="joao-ThinkPad-E14" duration="00:00:00.0005586" startTime="2025-10-01T13:36:46.5702270-03:00" endTime="2025-10-01T13:36:46.5702271-03:00" testType="13cdc9d9-ddb5-4fa4-a97d-d965ccfc6d4b" outcome="Passed" testListId="8c84fa94-04c1-424b-9868-57a2d4851a1d" relativeResultsDirectory="6bae5980-0b46-4134-8509-865c1da92076" />
    <UnitTestResult executionId="cb0ada94-cc06-4b84-a412-499b44138bef" testId="516ebf2d-7d0a-95ee-2156-d0d730db5f49" testName="SistemaBancario.Dominio.Tests.Entidades.ContaTests.Sacar_WhenValorEqualsSaldo_ShouldReduceSaldoToZero" computerName="joao-ThinkPad-E14" duration="00:00:00.0051758" startTime="2025-10-01T13:36:46.5696095-03:00" endTime="2025-10-01T13:36:46.5696096-03:00" testType="13cdc9d9-ddb5-4fa4-a97d-d965ccfc6d4b" outcome="Passed" testListId="8c84fa94-04c1-424b-9868-57a2d4851a1d" relativeResultsDirectory="cb0ada94-cc06-4b84-a412-499b44138bef" />
    <UnitTestResult executionId="87d28085-0704-4bc1-9202-2e0b44ddae46" testId="d578789a-9c48-3171-9498-ace3a9ce36b7" testName="SistemaBancario.Dominio.Tests.ObjetosValor.NumeroContaTests.Constructor_WhenValorHasInvalidFormat_ShouldThrowArgumentException(value: &quot;12345&quot;)" computerName="joao-ThinkPad-E14" duration="00:00:00.0002491" startTime="2025-10-01T13:36:46.5669828-03:00" endTime="2025-10-01T13:36:46.5669829-03:00" testType="13cdc9d9-ddb5-4fa4-a97d-d965ccfc6d4b" outcome="Passed" testListId="8c84fa94-04c1-424b-9868-57a2d4851a1d" relativeResultsDirectory="87d28085-0704-4bc1-9202-2e0b44ddae46" />
    <UnitTestResult executionId="6cf6136c-f879-45c1-886b-bbd781216f0f" testId="5af8251b-c833-7811-7121-67163f5b2dbe" testName="SistemaBancario.Dominio.Tests.Entidades.ContaTests.Sacar_WhenValorIsGreaterThanSaldo_ShouldThrowInvalidOperationException" computerName="joao-ThinkPad-E14" duration="00:00:00.0144964" startTime="2025-10-01T13:36:46.4752484-03:00" endTime="2025-10-01T13:36:46.4752485-03:00" testType="13cdc9d9-ddb5-4fa4-a97d-d965ccfc6d4b" outcome="Passed" testListId="8c84fa94-04c1-424b-9868-57a2d4851a1d" relativeResultsDirectory="6cf6136c-f879-45c1-886b-bbd781216f0f" />
    <UnitTestResult executionId="6a0990ce-a883-4da0-9ad2-ec6c35df2297" testId="08a56d5d-49d8-b168-d6aa-67a1415c09a0" testName="SistemaBancario.Dominio.Tests.ObjetosValor.NumeroContaTests.Constructor_WhenValorIsNullOrWhitespace_ShouldThrowArgumentException(value: &quot;&quot;)" computerName="joao-ThinkPad-E14" duration="00:00:00.0002894" startTime="2025-10-01T13:36:46.5663797-03:00" endTime="2025-10-01T13:36:46.5663797-03:00" testType="13cdc9d9-ddb5-4fa4-a97d-d965ccfc6d4b" outcome="Passed" testListId="8c84fa94-04c1-424b-9868-57a2d4851a1d" relativeResultsDirectory="6a0990ce-a883-4da0-9ad2-ec6c35df2297" />
    <UnitTestResult executionId="decc8dd1-3d25-4a21-adca-9dcc29e0f834" testId="5cc88f27-0bac-6988-92f6-f68ed13b2749" testName="SistemaBancario.Dominio.Tests.ObjetosValor.NumeroContaTests.ImplicitConversion_ToString_ShouldReturnUnderlyingValue" computerName="joao-ThinkPad-E14" duration="00:00:00.0001615" startTime="2025-10-01T13:36:46.5666756-03:00" endTime="2025-10-01T13:36:46.5666757-03:00" testType="13cdc9d9-ddb5-4fa4-a97d-d965ccfc6d4b" outcome="Passed" testListId="8c84fa94-04c1-424b-9868-57a2d4851a1d" relativeResultsDirectory="decc8dd1-3d25-4a21-adca-9dcc29e0f834" />
  </Results>
  <TestDefinitions>
    <UnitTest name="SistemaBancario.Dominio.Tests.Servicos.TransferirValorTests.Transferir_WhenDadosValidos_DeveAtualizarSaldosEGerarTransacao" storage="/home/joao/sources/treinamento/cleanarch-dotnet/sistemabancario.dominio.tests/bin/release/net9.0/sistemabancario.dominio.tests.dll" id="a67a5213-9d93-e07a-c45d-31da95565d7c">
      <Execution id="9a94d54d-b879-4fa7-baca-ae0f517ab950" />
      <TestMethod codeBase="/home/joao/sources/treinamento/cleanarch-dotnet/SistemaBancario.Dominio.Tests/bin/Release/net9.0/SistemaBancario.Dominio.Tests.dll" adapterTypeName="executor://xunit/VsTestRunner2/netcoreapp" className="SistemaBancario.Dominio.Tests.Servicos.TransferirValorTests" name="Transferir_WhenDadosValidos_DeveAtualizarSaldosEGerarTransacao" />
    </UnitTest>
    <UnitTest name="SistemaBancario.Dominio.Tests.Servicos.TransferirValorTests.Transferir_QuandoContaOrigemNula_DeveLancarArgumentNullException" storage="/home/joao/sources/treinamento/cleanarch-dotnet/sistemabancario.dominio.tests/bin/release/net9.0/sistemabancario.dominio.tests.dll" id="3f902e2d-26ab-7723-ebd0-4358188b7c1f">
      <Execution id="f7a62118-e089-4a87-ab82-f989dd370720" />
      <TestMethod codeBase="/home/joao/sources/treinamento/cleanarch-dotnet/SistemaBancario.Dominio.Tests/bin/Release/net9.0/SistemaBancario.Dominio.Tests.dll" adapterTypeName="executor://xunit/VsTestRunner2/netcoreapp" className="SistemaBancario.Dominio.Tests.Servicos.TransferirValorTests" name="Transferir_QuandoContaOrigemNula_DeveLancarArgumentNullException" />
    </UnitTest>
    <UnitTest name="SistemaBancario.Dominio.Tests.ObjetosValor.NumeroContaTests.Constructor_WhenValorIsNullOrWhitespace_ShouldThrowArgumentException(value: &quot;&quot;)" storage="/home/joao/sources/treinamento/cleanarch-dotnet/sistemabancario.dominio.tests/bin/release/net9.0/sistemabancario.dominio.tests.dll" id="08a56d5d-49d8-b168-d6aa-67a1415c09a0">
      <Execution id="6a0990ce-a883-4da0-9ad2-ec6c35df2297" />
      <TestMethod codeBase="/home/joao/sources/treinamento/cleanarch-dotnet/SistemaBancario.Dominio.Tests/bin/Release/net9.0/SistemaBancario.Dominio.Tests.dll" adapterTypeName="executor://xunit/VsTestRunner2/netcoreapp" className="SistemaBancario.Dominio.Tests.ObjetosValor.NumeroContaTests" name="Constructor_WhenValorIsNullOrWhitespace_ShouldThrowArgumentException" />
    </UnitTest>
    <UnitTest name="SistemaBancario.Dominio.Tests.ObjetosValor.NumeroContaTests.ImplicitConversion_FromString_ShouldReturnNumeroConta" storage="/home/joao/sources/treinamento/cleanarch-dotnet/sistemabancario.dominio.tests/bin/release/net9.0/sistemabancario.dominio.tests.dll" id="b405a754-0ed1-1392-7657-73ed247116a2">
      <Execution id="d8633182-24e9-4f14-957a-ba17756fbe52" />
      <TestMethod codeBase="/home/joao/sources/treinamento/cleanarch-dotnet/SistemaBancario.Dominio.Tests/bin/Release/net9.0/SistemaBancario.Dominio.Tests.dll" adapterTypeName="executor://xunit/VsTestRunner2/netcoreapp" className="SistemaBancario.Dominio.Tests.ObjetosValor.NumeroContaTests" name="ImplicitConversion_FromString_ShouldReturnNumeroConta" />
    </UnitTest>
    <UnitTest name="SistemaBancario.Dominio.Tests.Entidades.ContaTests.Depositar_WhenValorIsPositive_ShouldIncreaseSaldo" storage="/home/joao/sources/treinamento/cleanarch-dotnet/sistemabancario.dominio.tests/bin/release/net9.0/sistemabancario.dominio.tests.dll" id="9b1a356a-2fdf-c399-ad8a-3c20f3e192c2">
      <Execution id="9b5223b2-3dc1-495d-aa05-7c71082fd5e2" />
      <TestMethod codeBase="/home/joao/sources/treinamento/cleanarch-dotnet/SistemaBancario.Dominio.Tests/bin/Release/net9.0/SistemaBancario.Dominio.Tests.dll" adapterTypeName="executor://xunit/VsTestRunner2/netcoreapp" className="SistemaBancario.Dominio.Tests.Entidades.ContaTests" name="Depositar_WhenValorIsPositive_ShouldIncreaseSaldo" />
    </UnitTest>
    <UnitTest name="SistemaBancario.Dominio.Tests.ObjetosValor.NumeroContaTests.Constructor_WhenValorIsNullOrWhitespace_ShouldThrowArgumentException(value: null)" storage="/home/joao/sources/treinamento/cleanarch-dotnet/sistemabancario.dominio.tests/bin/release/net9.0/sistemabancario.dominio.tests.dll" id="db501703-3a2b-22b7-d246-d5a81aef5cc1">
      <Execution id="36ea6164-0acf-4bde-8880-6b037e71983e" />
      <TestMethod codeBase="/home/joao/sources/treinamento/cleanarch-dotnet/SistemaBancario.Dominio.Tests/bin/Release/net9.0/SistemaBancario.Dominio.Tests.dll" adapterTypeName="executor://xunit/VsTestRunner2/netcoreapp" className="SistemaBancario.Dominio.Tests.ObjetosValor.NumeroContaTests" name="Constructor_WhenValorIsNullOrWhitespace_ShouldThrowArgumentException" />
    </UnitTest>
    <UnitTest name="SistemaBancario.Dominio.Tests.ObjetosValor.NumeroContaTests.ImplicitConversion_ToString_ShouldReturnUnderlyingValue" storage="/home/joao/sources/treinamento/cleanarch-dotnet/sistemabancario.dominio.tests/bin/release/net9.0/sistemabancario.dominio.tests.dll" id="5cc88f27-0bac-6988-92f6-f68ed13b2749">
      <Execution id="decc8dd1-3d25-4a21-adca-9dcc29e0f834" />
      <TestMethod codeBase="/home/joao/sources/treinamento/cleanarch-dotnet/SistemaBancario.Dominio.Tests/bin/Release/net9.0/SistemaBancario.Dominio.Tests.dll" adapterTypeName="executor://xunit/VsTestRunner2/netcoreapp" className="SistemaBancario.Dominio.Tests.ObjetosValor.NumeroContaTests" name="ImplicitConversion_ToString_ShouldReturnUnderlyingValue" />
    </UnitTest>
    <UnitTest name="SistemaBancario.Dominio.Tests.ObjetosValor.NumeroContaTests.Constructor_WhenValorHasInvalidFormat_ShouldThrowArgumentException(value: &quot;1234567&quot;)" storage="/home/joao/sources/treinamento/cleanarch-dotnet/sistemabancario.dominio.tests/bin/release/net9.0/sistemabancario.dominio.tests.dll" id="8cb5d089-6f47-e797-21c4-3fa75909ed95">
      <Execution id="6e0477e9-eff2-4345-ac46-1f03e4ad9011" />
      <TestMethod codeBase="/home/joao/sources/treinamento/cleanarch-dotnet/SistemaBancario.Dominio.Tests/bin/Release/net9.0/SistemaBancario.Dominio.Tests.dll" adapterTypeName="executor://xunit/VsTestRunner2/netcoreapp" className="SistemaBancario.Dominio.Tests.ObjetosValor.NumeroContaTests" name="Constructor_WhenValorHasInvalidFormat_ShouldThrowArgumentException" />
    </UnitTest>
    <UnitTest name="SistemaBancario.Dominio.Tests.Entidades.ContaTests.Sacar_WhenValorEqualsSaldo_ShouldReduceSaldoToZero" storage="/home/joao/sources/treinamento/cleanarch-dotnet/sistemabancario.dominio.tests/bin/release/net9.0/sistemabancario.dominio.tests.dll" id="516ebf2d-7d0a-95ee-2156-d0d730db5f49">
      <Execution id="cb0ada94-cc06-4b84-a412-499b44138bef" />
      <TestMethod codeBase="/home/joao/sources/treinamento/cleanarch-dotnet/SistemaBancario.Dominio.Tests/bin/Release/net9.0/SistemaBancario.Dominio.Tests.dll" adapterTypeName="executor://xunit/VsTestRunner2/netcoreapp" className="SistemaBancario.Dominio.Tests.Entidades.ContaTests" name="Sacar_WhenValorEqualsSaldo_ShouldReduceSaldoToZero" />
    </UnitTest>
    <UnitTest name="SistemaBancario.Dominio.Tests.Entidades.ContaTests.Sacar_WhenValorIsGreaterThanSaldo_ShouldThrowInvalidOperationException" storage="/home/joao/sources/treinamento/cleanarch-dotnet/sistemabancario.dominio.tests/bin/release/net9.0/sistemabancario.dominio.tests.dll" id="5af8251b-c833-7811-7121-67163f5b2dbe">
      <Execution id="6cf6136c-f879-45c1-886b-bbd781216f0f" />
      <TestMethod codeBase="/home/joao/sources/treinamento/cleanarch-dotnet/SistemaBancario.Dominio.Tests/bin/Release/net9.0/SistemaBancario.Dominio.Tests.dll" adapterTypeName="executor://xunit/VsTestRunner2/netcoreapp" className="SistemaBancario.Dominio.Tests.Entidades.ContaTests" name="Sacar_WhenValorIsGreaterThanSaldo_ShouldThrowInvalidOperationException" />
    </UnitTest>
    <UnitTest name="SistemaBancario.Dominio.Tests.Servicos.TransferirValorTests.Transferir_QuandoValorNaoEhPositivo_DeveLancarArgumentException(valor: 0)" storage="/home/joao/sources/treinamento/cleanarch-dotnet/sistemabancario.dominio.tests/bin/release/net9.0/sistemabancario.dominio.tests.dll" id="89ebe5f5-875b-5f92-98c3-0a5272006c20">
      <Execution id="f5c41dca-3be1-41db-b6a6-7f6bf4284417" />
      <TestMethod codeBase="/home/joao/sources/treinamento/cleanarch-dotnet/SistemaBancario.Dominio.Tests/bin/Release/net9.0/SistemaBancario.Dominio.Tests.dll" adapterTypeName="executor://xunit/VsTestRunner2/netcoreapp" className="SistemaBancario.Dominio.Tests.Servicos.TransferirValorTests" name="Transferir_QuandoValorNaoEhPositivo_DeveLancarArgumentException" />
    </UnitTest>
    <UnitTest name="SistemaBancario.Dominio.Tests.ObjetosValor.NumeroContaTests.Constructor_WhenValorHasInvalidFormat_ShouldThrowArgumentException(value: &quot;12345&quot;)" storage="/home/joao/sources/treinamento/cleanarch-dotnet/sistemabancario.dominio.tests/bin/release/net9.0/sistemabancario.dominio.tests.dll" id="d578789a-9c48-3171-9498-ace3a9ce36b7">
      <Execution id="87d28085-0704-4bc1-9202-2e0b44ddae46" />
      <TestMethod codeBase="/home/joao/sources/treinamento/cleanarch-dotnet/SistemaBancario.Dominio.Tests/bin/Release/net9.0/SistemaBancario.Dominio.Tests.dll" adapterTypeName="executor://xunit/VsTestRunner2/netcoreapp" className="SistemaBancario.Dominio.Tests.ObjetosValor.NumeroContaTests" name="Constructor_WhenValorHasInvalidFormat_ShouldThrowArgumentException" />
    </UnitTest>
    <UnitTest name="SistemaBancario.Dominio.Tests.ObjetosValor.NumeroContaTests.Constructor_WhenValorHasInvalidFormat_ShouldThrowArgumentException(value: &quot;12A456&quot;)" storage="/home/joao/sources/treinamento/cleanarch-dotnet/sistemabancario.dominio.tests/bin/release/net9.0/sistemabancario.dominio.tests.dll" id="07348346-9961-f0e3-e4b3-f0626e83d445">
      <Execution id="ac78dd95-5ef8-45e8-a92e-204e594100ea" />
      <TestMethod codeBase="/home/joao/sources/treinamento/cleanarch-dotnet/SistemaBancario.Dominio.Tests/bin/Release/net9.0/SistemaBancario.Dominio.Tests.dll" adapterTypeName="executor://xunit/VsTestRunner2/netcoreapp" className="SistemaBancario.Dominio.Tests.ObjetosValor.NumeroContaTests" name="Constructor_WhenValorHasInvalidFormat_ShouldThrowArgumentException" />
    </UnitTest>
    <UnitTest name="SistemaBancario.Dominio.Tests.Entidades.ContaTests.Depositar_WhenValorIsNotPositive_ShouldThrowArgumentException(valor: -10)" storage="/home/joao/sources/treinamento/cleanarch-dotnet/sistemabancario.dominio.tests/bin/release/net9.0/sistemabancario.dominio.tests.dll" id="59c63469-5bb1-9063-3eb5-9215e1e42530">
      <Execution id="7cde64e7-a559-4dd9-9797-49da8a44f3f9" />
      <TestMethod codeBase="/home/joao/sources/treinamento/cleanarch-dotnet/SistemaBancario.Dominio.Tests/bin/Release/net9.0/SistemaBancario.Dominio.Tests.dll" adapterTypeName="executor://xunit/VsTestRunner2/netcoreapp" className="SistemaBancario.Dominio.Tests.Entidades.ContaTests" name="Depositar_WhenValorIsNotPositive_ShouldThrowArgumentException" />
    </UnitTest>
    <UnitTest name="SistemaBancario.Dominio.Tests.Servicos.TransferirValorTests.Transferir_QuandoValorNaoEhPositivo_DeveLancarArgumentException(valor: -15)" storage="/home/joao/sources/treinamento/cleanarch-dotnet/sistemabancario.dominio.tests/bin/release/net9.0/sistemabancario.dominio.tests.dll" id="a8561852-d9d7-6ba6-0e1b-2cd58a0d958e">
      <Execution id="6ccb6522-f58a-4109-9c95-b0038e175519" />
      <TestMethod codeBase="/home/joao/sources/treinamento/cleanarch-dotnet/SistemaBancario.Dominio.Tests/bin/Release/net9.0/SistemaBancario.Dominio.Tests.dll" adapterTypeName="executor://xunit/VsTestRunner2/netcoreapp" className="SistemaBancario.Dominio.Tests.Servicos.TransferirValorTests" name="Transferir_QuandoValorNaoEhPositivo_DeveLancarArgumentException" />
    </UnitTest>
    <UnitTest name="SistemaBancario.Dominio.Tests.ObjetosValor.NumeroContaTests.Constructor_WhenValorIsNullOrWhitespace_ShouldThrowArgumentException(value: &quot;   &quot;)" storage="/home/joao/sources/treinamento/cleanarch-dotnet/sistemabancario.dominio.tests/bin/release/net9.0/sistemabancario.dominio.tests.dll" id="600dfb12-4833-b7bc-7db8-72ece59a2dfd">
      <Execution id="8671654e-42ac-4b48-8e9c-1b3030bd7361" />
      <TestMethod codeBase="/home/joao/sources/treinamento/cleanarch-dotnet/SistemaBancario.Dominio.Tests/bin/Release/net9.0/SistemaBancario.Dominio.Tests.dll" adapterTypeName="executor://xunit/VsTestRunner2/netcoreapp" className="SistemaBancario.Dominio.Tests.ObjetosValor.NumeroContaTests" name="Constructor_WhenValorIsNullOrWhitespace_ShouldThrowArgumentException" />
    </UnitTest>
    <UnitTest name="SistemaBancario.Dominio.Tests.Entidades.ContaTests.Sacar_WhenValorIsNotPositive_ShouldThrowArgumentException(valor: -10)" storage="/home/joao/sources/treinamento/cleanarch-dotnet/sistemabancario.dominio.tests/bin/release/net9.0/sistemabancario.dominio.tests.dll" id="bfe803dc-28f4-aa3c-4f38-a0d78b6100bb">
      <Execution id="919382d6-f470-4ca6-a09a-769dfa7f2b5e" />
      <TestMethod codeBase="/home/joao/sources/treinamento/cleanarch-dotnet/SistemaBancario.Dominio.Tests/bin/Release/net9.0/SistemaBancario.Dominio.Tests.dll" adapterTypeName="executor://xunit/VsTestRunner2/netcoreapp" className="SistemaBancario.Dominio.Tests.Entidades.ContaTests" name="Sacar_WhenValorIsNotPositive_ShouldThrowArgumentException" />
    </UnitTest>
    <UnitTest name="SistemaBancario.Dominio.Tests.Entidades.TransacaoTests.Constructor_DevePreencherCamposComDadosDasContas" storage="/home/joao/sources/treinamento/cleanarch-dotnet/sistemabancario.dominio.tests/bin/release/net9.0/sistemabancario.dominio.tests.dll" id="fcba9aca-80e3-5b98-a07e-195ff3dfad9e">
      <Execution id="68162791-18f1-4778-aee7-5df34710785f" />
      <TestMethod codeBase="/home/joao/sources/treinamento/cleanarch-dotnet/SistemaBancario.Dominio.Tests/bin/Release/net9.0/SistemaBancario.Dominio.Tests.dll" adapterTypeName="executor://xunit/VsTestRunner2/netcoreapp" className="SistemaBancario.Dominio.Tests.Entidades.TransacaoTests" name="Constructor_DevePreencherCamposComDadosDasContas" />
    </UnitTest>
    <UnitTest name="SistemaBancario.Dominio.Tests.Entidades.ContaTests.Sacar_WhenValorIsNotPositive_ShouldThrowArgumentException(valor: 0)" storage="/home/joao/sources/treinamento/cleanarch-dotnet/sistemabancario.dominio.tests/bin/release/net9.0/sistemabancario.dominio.tests.dll" id="10f0c2f0-4ca5-78a5-4251-a3a42cba861c">
      <Execution id="6bae5980-0b46-4134-8509-865c1da92076" />
      <TestMethod codeBase="/home/joao/sources/treinamento/cleanarch-dotnet/SistemaBancario.Dominio.Tests/bin/Release/net9.0/SistemaBancario.Dominio.Tests.dll" adapterTypeName="executor://xunit/VsTestRunner2/netcoreapp" className="SistemaBancario.Dominio.Tests.Entidades.ContaTests" name="Sacar_WhenValorIsNotPositive_ShouldThrowArgumentException" />
    </UnitTest>
    <UnitTest name="SistemaBancario.Dominio.Tests.Servicos.TransferirValorTests.Transferir_QuandoSaldoInsuficiente_DevePropagarInvalidOperationException" storage="/home/joao/sources/treinamento/cleanarch-dotnet/sistemabancario.dominio.tests/bin/release/net9.0/sistemabancario.dominio.tests.dll" id="08dd08d1-54e5-744e-d8b0-ec26a60404b2">
      <Execution id="90f98994-9ad2-476e-9859-057a58538a41" />
      <TestMethod codeBase="/home/joao/sources/treinamento/cleanarch-dotnet/SistemaBancario.Dominio.Tests/bin/Release/net9.0/SistemaBancario.Dominio.Tests.dll" adapterTypeName="executor://xunit/VsTestRunner2/netcoreapp" className="SistemaBancario.Dominio.Tests.Servicos.TransferirValorTests" name="Transferir_QuandoSaldoInsuficiente_DevePropagarInvalidOperationException" />
    </UnitTest>
    <UnitTest name="SistemaBancario.Dominio.Tests.Entidades.ContaTests.Sacar_WhenValorIsPositiveAndSaldoSuficiente_ShouldDecreaseSaldo" storage="/home/joao/sources/treinamento/cleanarch-dotnet/sistemabancario.dominio.tests/bin/release/net9.0/sistemabancario.dominio.tests.dll" id="4cbe4735-286e-e2cb-6934-748597239cfb">
      <Execution id="902b2dc5-62ab-460d-a508-88bb6b30f476" />
      <TestMethod codeBase="/home/joao/sources/treinamento/cleanarch-dotnet/SistemaBancario.Dominio.Tests/bin/Release/net9.0/SistemaBancario.Dominio.Tests.dll" adapterTypeName="executor://xunit/VsTestRunner2/netcoreapp" className="SistemaBancario.Dominio.Tests.Entidades.ContaTests" name="Sacar_WhenValorIsPositiveAndSaldoSuficiente_ShouldDecreaseSaldo" />
    </UnitTest>
    <UnitTest name="SistemaBancario.Dominio.Tests.Entidades.ContaTests.Depositar_WhenValorIsNotPositive_ShouldThrowArgumentException(valor: 0)" storage="/home/joao/sources/treinamento/cleanarch-dotnet/sistemabancario.dominio.tests/bin/release/net9.0/sistemabancario.dominio.tests.dll" id="3012e8bf-4a2a-85c6-f5d3-f56db52076c3">
      <Execution id="fd395e6b-6c4c-41b8-b376-22599145609b" />
      <TestMethod codeBase="/home/joao/sources/treinamento/cleanarch-dotnet/SistemaBancario.Dominio.Tests/bin/Release/net9.0/SistemaBancario.Dominio.Tests.dll" adapterTypeName="executor://xunit/VsTestRunner2/netcoreapp" className="SistemaBancario.Dominio.Tests.Entidades.ContaTests" name="Depositar_WhenValorIsNotPositive_ShouldThrowArgumentException" />
    </UnitTest>
    <UnitTest name="SistemaBancario.Dominio.Tests.ObjetosValor.NumeroContaTests.Constructor_WhenValorIsValid_ShouldCreateNumeroConta" storage="/home/joao/sources/treinamento/cleanarch-dotnet/sistemabancario.dominio.tests/bin/release/net9.0/sistemabancario.dominio.tests.dll" id="d82e901b-ace0-4866-c801-b9dd99db2efa">
      <Execution id="91d63ba2-9604-481e-bd19-b5433afb679c" />
      <TestMethod codeBase="/home/joao/sources/treinamento/cleanarch-dotnet/SistemaBancario.Dominio.Tests/bin/Release/net9.0/SistemaBancario.Dominio.Tests.dll" adapterTypeName="executor://xunit/VsTestRunner2/netcoreapp" className="SistemaBancario.Dominio.Tests.ObjetosValor.NumeroContaTests" name="Constructor_WhenValorIsValid_ShouldCreateNumeroConta" />
    </UnitTest>
    <UnitTest name="SistemaBancario.Dominio.Tests.Servicos.TransferirValorTests.Transferir_QuandoContaDestinoNula_DeveLancarArgumentNullException" storage="/home/joao/sources/treinamento/cleanarch-dotnet/sistemabancario.dominio.tests/bin/release/net9.0/sistemabancario.dominio.tests.dll" id="b8a4a419-7409-3d6e-85f3-4de56125c491">
      <Execution id="f2b19ac4-8394-4bb7-86fc-57448b72fc14" />
      <TestMethod codeBase="/home/joao/sources/treinamento/cleanarch-dotnet/SistemaBancario.Dominio.Tests/bin/Release/net9.0/SistemaBancario.Dominio.Tests.dll" adapterTypeName="executor://xunit/VsTestRunner2/netcoreapp" className="SistemaBancario.Dominio.Tests.Servicos.TransferirValorTests" name="Transferir_QuandoContaDestinoNula_DeveLancarArgumentNullException" />
    </UnitTest>
  </TestDefinitions>
  <TestEntries>
    <TestEntry testId="b8a4a419-7409-3d6e-85f3-4de56125c491" executionId="f2b19ac4-8394-4bb7-86fc-57448b72fc14" testListId="8c84fa94-04c1-424b-9868-57a2d4851a1d" />
    <TestEntry testId="d82e901b-ace0-4866-c801-b9dd99db2efa" executionId="91d63ba2-9604-481e-bd19-b5433afb679c" testListId="8c84fa94-04c1-424b-9868-57a2d4851a1d" />
    <TestEntry testId="a67a5213-9d93-e07a-c45d-31da95565d7c" executionId="9a94d54d-b879-4fa7-baca-ae0f517ab950" testListId="8c84fa94-04c1-424b-9868-57a2d4851a1d" />
    <TestEntry testId="07348346-9961-f0e3-e4b3-f0626e83d445" executionId="ac78dd95-5ef8-45e8-a92e-204e594100ea" testListId="8c84fa94-04c1-424b-9868-57a2d4851a1d" />
    <TestEntry testId="3f902e2d-26ab-7723-ebd0-4358188b7c1f" executionId="f7a62118-e089-4a87-ab82-f989dd370720" testListId="8c84fa94-04c1-424b-9868-57a2d4851a1d" />
    <TestEntry testId="b405a754-0ed1-1392-7657-73ed247116a2" executionId="d8633182-24e9-4f14-957a-ba17756fbe52" testListId="8c84fa94-04c1-424b-9868-57a2d4851a1d" />
    <TestEntry testId="89ebe5f5-875b-5f92-98c3-0a5272006c20" executionId="f5c41dca-3be1-41db-b6a6-7f6bf4284417" testListId="8c84fa94-04c1-424b-9868-57a2d4851a1d" />
    <TestEntry testId="a8561852-d9d7-6ba6-0e1b-2cd58a0d958e" executionId="6ccb6522-f58a-4109-9c95-b0038e175519" testListId="8c84fa94-04c1-424b-9868-57a2d4851a1d" />
    <TestEntry testId="59c63469-5bb1-9063-3eb5-9215e1e42530" executionId="7cde64e7-a559-4dd9-9797-49da8a44f3f9" testListId="8c84fa94-04c1-424b-9868-57a2d4851a1d" />
    <TestEntry testId="bfe803dc-28f4-aa3c-4f38-a0d78b6100bb" executionId="919382d6-f470-4ca6-a09a-769dfa7f2b5e" testListId="8c84fa94-04c1-424b-9868-57a2d4851a1d" />
    <TestEntry testId="600dfb12-4833-b7bc-7db8-72ece59a2dfd" executionId="8671654e-42ac-4b48-8e9c-1b3030bd7361" testListId="8c84fa94-04c1-424b-9868-57a2d4851a1d" />
    <TestEntry testId="db501703-3a2b-22b7-d246-d5a81aef5cc1" executionId="36ea6164-0acf-4bde-8880-6b037e71983e" testListId="8c84fa94-04c1-424b-9868-57a2d4851a1d" />
    <TestEntry testId="9b1a356a-2fdf-c399-ad8a-3c20f3e192c2" executionId="9b5223b2-3dc1-495d-aa05-7c71082fd5e2" testListId="8c84fa94-04c1-424b-9868-57a2d4851a1d" />
    <TestEntry testId="8cb5d089-6f47-e797-21c4-3fa75909ed95" executionId="6e0477e9-eff2-4345-ac46-1f03e4ad9011" testListId="8c84fa94-04c1-424b-9868-57a2d4851a1d" />
    <TestEntry testId="08dd08d1-54e5-744e-d8b0-ec26a60404b2" executionId="90f98994-9ad2-476e-9859-057a58538a41" testListId="8c84fa94-04c1-424b-9868-57a2d4851a1d" />
    <TestEntry testId="4cbe4735-286e-e2cb-6934-748597239cfb" executionId="902b2dc5-62ab-460d-a508-88bb6b30f476" testListId="8c84fa94-04c1-424b-9868-57a2d4851a1d" />
    <TestEntry testId="fcba9aca-80e3-5b98-a07e-195ff3dfad9e" executionId="68162791-18f1-4778-aee7-5df34710785f" testListId="8c84fa94-04c1-424b-9868-57a2d4851a1d" />
    <TestEntry testId="3012e8bf-4a2a-85c6-f5d3-f56db52076c3" executionId="fd395e6b-6c4c-41b8-b376-22599145609b" testListId="8c84fa94-04c1-424b-9868-57a2d4851a1d" />
    <TestEntry testId="10f0c2f0-4ca5-78a5-4251-a3a42cba861c" executionId="6bae5980-0b46-4134-8509-865c1da92076" testListId="8c84fa94-04c1-424b-9868-57a2d4851a1d" />
    <TestEntry testId="516ebf2d-7d0a-95ee-2156-d0d730db5f49" executionId="cb0ada94-cc06-4b84-a412-499b44138bef" testListId="8c84fa94-04c1-424b-9868-57a2d4851a1d" />
    <TestEntry testId="d578789a-9c48-3171-9498-ace3a9ce36b7" executionId="87d28085-0704-4bc1-9202-2e0b44ddae46" testListId="8c84fa94-04c1-424b-9868-57a2d4851a1d" />
    <TestEntry testId="5af8251b-c833-7811-7121-67163f5b2dbe" executionId="6cf6136c-f879-45c1-886b-bbd781216f0f" testListId="8c84fa94-04c1-424b-9868-57a2d4851a1d" />
    <TestEntry testId="08a56d5d-49d8-b168-d6aa-67a1415c09a0" executionId="6a0990ce-a883-4da0-9ad2-ec6c35df2297" testListId="8c84fa94-04c1-424b-9868-57a2d4851a1d" />
    <TestEntry testId="5cc88f27-0bac-6988-92f6-f68ed13b2749" executionId="decc8dd1-3d25-4a21-adca-9dcc29e0f834" testListId="8c84fa94-04c1-424b-9868-57a2d4851a1d" />
  </TestEntries>
  <TestLists>
    <TestList name="Results Not in a List" id="8c84fa94-04c1-424b-9868-57a2d4851a1d" />
    <TestList name="All Loaded Results" id="19431567-8539-422a-85d7-44ee4e166bda" />
  </TestLists>
  <ResultSummary outcome="Completed">
    <Counters total="24" executed="24" passed="24" failed="0" error="0" timeout="0" aborted="0" inconclusive="0" passedButRunAborted="0" notRunnable="0" notExecuted="0" disconnected="0" warning="0" completed="0" inProgress="0" pending="0" />
    <Output>
      <StdOut>[xUnit.net 00:00:00.00] xUnit.net VSTest Adapter v2.8.2+699d445a1a (64-bit .NET 9.0.7)
[xUnit.net 00:00:00.07]   Discovering: SistemaBancario.Dominio.Tests
[xUnit.net 00:00:00.23]   Discovered:  SistemaBancario.Dominio.Tests
[xUnit.net 00:00:00.24]   Starting:    SistemaBancario.Dominio.Tests
[xUnit.net 00:00:00.46]   Finished:    SistemaBancario.Dominio.Tests
</StdOut>
    </Output>
  </ResultSummary>
</TestRun>